// Jest Snapshot v1, https://goo.gl/fbAQLP

exports[`AutocompleteSearchBox Should render suggestions if options > 0 & input is focused 1`] = `
<div>
  <div
    class="autocomplete-search-box"
  >
    <input
      class="form-control form-control-lg"
      placeholder="Search"
      type="text"
      value=""
    />
    <div
      class="autocomplete-search-box__suggestions my-2"
    >
      <div
        class="list-group"
      >
        <div
          class="autocomplete-search-box__results"
        >
          <div
            role="button"
            tabindex="-1"
          >
            <div
              class="list-group-item list-group-item-action"
            >
              <p
                class="option-item"
              >
                Test 1
              </p>
            </div>
          </div>
          <div
            role="button"
            tabindex="-1"
          >
            <div
              class="list-group-item list-group-item-action"
            >
              <p
                class="option-item"
              >
                Test 2
              </p>
            </div>
          </div>
        </div>
      </div>
    </div>
  </div>
</div>
`;
